[  0%] Built target SHOPNOVA2_autogen_timestamp_deps
[  4%] Built target SHOPNOVA2_autogen
[  9%] Building CXX object CMakeFiles/SHOPNOVA2.dir/SHOPNOVA2_autogen/mocs_compilation.cpp.obj
mingw32-make.exe[2]: *** [CMakeFiles\SHOPNOVA2.dir\build.make:91: CMakeFiles/SHOPNOVA2.dir/SHOPNOVA2_autogen/mocs_compilation.cpp.obj] Error 1
mingw32-make.exe[1]: *** [CMakeFiles\Makefile2:85: CMakeFiles/SHOPNOVA2.dir/all] Error 2
mingw32-make.exe: *** [Makefile:135: all] Error 2
